// Jest Snapshot v1, https://goo.gl/fbAQLP

exports[`renders correctly 1`] = `
<Text
  className="text-light-text font-[SpaceMono]"
>
  Snapshot test!
</Text>
`;
